23:15:06 **** Incremental Build of configuration Debug for project F4_Application ****
make -j12 all 
arm-none-eabi-gcc "../Core/Src/system_stm32f4xx.c" -mcpu=cortex-m4 -std=gnu11 -g3 -DDEBUG -DUSE_HAL_DRIVER -DSTM32F407xx -c -I../Core/Inc -I../Drivers/STM32F4xx_HAL_Driver/Inc -I../Drivers/STM32F4xx_HAL_Driver/Inc/Legacy -I../Drivers/CMSIS/Device/ST/STM32F4xx/Include -I../Drivers/CMSIS/Include -O0 -ffunction-sections -fdata-sections -Wall -fstack-usage -fcyclomatic-complexity -MMD -MP -MF"Core/Src/system_stm32f4xx.d" -MT"Core/Src/system_stm32f4xx.o" --specs=nano.specs -mfpu=fpv4-sp-d16 -mfloat-abi=hard -mthumb -o "Core/Src/system_stm32f4xx.o"
arm-none-eabi-gcc -o "F4_Application.elf" @"objects.list"   -mcpu=cortex-m4 -T"C:\Users\sulenurdemirdas\Desktop\ders\Bootloader Course\Bootloader Workspace\F4_Application\STM32F407VGTX_FLASH.ld" --specs=nosys.specs -Wl,-Map="F4_Application.map" -Wl,--gc-sections -static --specs=nano.specs -mfpu=fpv4-sp-d16 -mfloat-abi=hard -mthumb -Wl,--start-group -lc -lm -Wl,--end-group
Finished building target: F4_Application.elf
 
arm-none-eabi-size  F4_Application.elf 
arm-none-eabi-objdump -h -S F4_Application.elf  > "F4_Application.list"
   text	   data	    bss	    dec	    hex	filename
   8712	     36	   1716	  10464	   28e0	F4_Application.elf
Finished building: default.size.stdout
 
Finished building: F4_Application.list
 
23:15:45 **** Incremental Build of configuration Debug for project F4_Application ****
make -j12 all 
arm-none-eabi-size  F4_Application.elf 
   text	   data	    bss	    dec	    hex	filename
   8712	     36	   1716	  10464	   28e0	F4_Application.elf
Finished building: default.size.stdout
 
